Copyright 1986-2022 Xilinx, Inc. All Rights Reserved. Copyright 2022-2023 Advanced Micro Devices, Inc. All Rights Reserved.
---------------------------------------------------------------------------------------------------------------------------------------------
| Tool Version : Vivado v.2023.2 (win64) Build 4029153 Fri Oct 13 20:14:34 MDT 2023
| Date         : Mon Mar 11 12:07:14 2024
| Host         : DESKTOP-M1PCUD5 running 64-bit major release  (build 9200)
| Command      : report_control_sets -verbose -file RF_top_control_sets_placed.rpt
| Design       : RF_top
| Device       : xc7s50
---------------------------------------------------------------------------------------------------------------------------------------------

Control Set Information

Table of Contents
-----------------
1. Summary
2. Histogram
3. Flip-Flop Distribution
4. Detailed Control Set Information

1. Summary
----------

+----------------------------------------------------------+-------+
|                          Status                          | Count |
+----------------------------------------------------------+-------+
| Total control sets                                       |    26 |
|    Minimum number of control sets                        |    26 |
|    Addition due to synthesis replication                 |     0 |
|    Addition due to physical synthesis replication        |     0 |
| Unused register locations in slices containing registers |    87 |
+----------------------------------------------------------+-------+
* Control sets can be merged at opt_design using control_set_merge or merge_equivalent_drivers
** Run report_qor_suggestions for automated merging and remapping suggestions


2. Histogram
------------

+--------------------+-------+
|       Fanout       | Count |
+--------------------+-------+
| Total control sets |    26 |
| >= 0 to < 4        |     3 |
| >= 4 to < 6        |     7 |
| >= 6 to < 8        |     5 |
| >= 8 to < 10       |     3 |
| >= 10 to < 12      |     2 |
| >= 12 to < 14      |     0 |
| >= 14 to < 16      |     0 |
| >= 16              |     6 |
+--------------------+-------+
* Control sets can be remapped at either synth_design or opt_design


3. Flip-Flop Distribution
-------------------------

+--------------+-----------------------+------------------------+-----------------+--------------+
| Clock Enable | Synchronous Set/Reset | Asynchronous Set/Reset | Total Registers | Total Slices |
+--------------+-----------------------+------------------------+-----------------+--------------+
| No           | No                    | No                     |               8 |            4 |
| No           | No                    | Yes                    |              59 |           23 |
| No           | Yes                   | No                     |              50 |           19 |
| Yes          | No                    | No                     |               2 |            2 |
| Yes          | No                    | Yes                    |              75 |           33 |
| Yes          | Yes                   | No                     |              79 |           20 |
+--------------+-----------------------+------------------------+-----------------+--------------+


4. Detailed Control Set Information
-----------------------------------

+----------------------------+-------------------------------------------------------------------------------------+------------------------------------------------------------------------------------------------------------+------------------+----------------+--------------+
|        Clock Signal        |                                    Enable Signal                                    |                                              Set/Reset Signal                                              | Slice Load Count | Bel Load Count | Bels / Slice |
+----------------------------+-------------------------------------------------------------------------------------+------------------------------------------------------------------------------------------------------------+------------------+----------------+--------------+
|  clk_wiz_dut/inst/clk_out1 | RF_state/Tx_ready_d                                                                 | rst_IBUF                                                                                                   |                1 |              1 |         1.00 |
|  clk_wiz_dut/inst/clk_out1 | RF_state/rst_n_q_i_1_n_0                                                            | rst_IBUF                                                                                                   |                1 |              1 |         1.00 |
| ~clk_wiz_dut/inst/clk_out1 |                                                                                     |                                                                                                            |                1 |              1 |         1.00 |
|  clk_wiz_dut/inst/clk_out1 | RF_state/FSM_sequential_curr_state[3]_i_1_n_0                                       | rst_IBUF                                                                                                   |                3 |              4 |         1.33 |
|  clk_wiz_dut/inst/clk_out1 | RF_state/Rx_counter_q[3]_i_1_n_0                                                    | rst_IBUF                                                                                                   |                2 |              4 |         2.00 |
|  clk_wiz_dut/inst/clk_out1 | uart_dut_0/uart/U0/AXI_LITE_IPIF_I/I_SLAVE_ATTACHMENT/start2                        | uart_dut_0/uart/U0/AXI_LITE_IPIF_I/I_SLAVE_ATTACHMENT/I_DECODER/cs_ce_clr                                  |                1 |              4 |         4.00 |
|  clk_wiz_dut/inst/clk_out1 | uart_dut_0/uart/U0/UARTLITE_CORE_I/BAUD_RATE_I/en_16x_Baud                          |                                                                                                            |                2 |              4 |         2.00 |
| ~clk_wiz_dut/inst/clk_out1 | RF_0/addr_index_d                                                                   | rst_IBUF                                                                                                   |                2 |              4 |         2.00 |
| ~clk_wiz_dut/inst/clk_out1 | RF_0/data_index_d                                                                   | rst_IBUF                                                                                                   |                2 |              4 |         2.00 |
| ~clk_wiz_dut/inst/clk_out1 | RF_0/FSM_onehot_curr_s[4]_i_1_n_0                                                   | rst_IBUF                                                                                                   |                2 |              5 |         2.50 |
|  clk_wiz_dut/inst/clk_out1 |                                                                                     | uart_dut_0/uart/U0/UARTLITE_CORE_I/UARTLITE_TX_I/SRL_FIFO_I/I_SRL_FIFO_RBU_F/CNTR_INCR_DECR_ADDN_F_I/SS[0] |                3 |              6 |         2.00 |
|  clk_wiz_dut/inst/clk_out1 |                                                                                     | uart_dut_0/uart/U0/UARTLITE_CORE_I/UARTLITE_RX_I/SRL_FIFO_I/I_SRL_FIFO_RBU_F/CNTR_INCR_DECR_ADDN_F_I/SS[0] |                3 |              6 |         2.00 |
|  clk_wiz_dut/inst/clk_out1 |                                                                                     |                                                                                                            |                3 |              7 |         2.33 |
|  clk_wiz_dut/inst/clk_out1 | uart_dut_0/uart/U0/AXI_LITE_IPIF_I/I_SLAVE_ATTACHMENT/I_DECODER/fifo_wr             |                                                                                                            |                1 |              7 |         7.00 |
|  clk_wiz_dut/inst/clk_out1 | uart_dut_0/uart/U0/UARTLITE_CORE_I/BAUD_RATE_I/en_16x_Baud                          | uart_dut_0/uart/U0/UARTLITE_CORE_I/UARTLITE_RX_I/SERIAL_TO_PARALLEL[8].fifo_din[8]_i_1_n_0                 |                2 |              7 |         3.50 |
|  clk_wiz_dut/inst/clk_out1 | RF_state/data_out_d                                                                 | rst_IBUF                                                                                                   |                2 |              8 |         4.00 |
|  clk_wiz_dut/inst/clk_out1 | RF_state/E[0]                                                                       | rst_IBUF                                                                                                   |                2 |              8 |         4.00 |
|  clk_wiz_dut/inst/clk_out1 | uart_dut_0/ctrl/next_data                                                           | rst_IBUF                                                                                                   |                2 |              8 |         4.00 |
|  clk_wiz_dut/inst/clk_out1 |                                                                                     | uart_dut_0/uart/U0/AXI_LITE_IPIF_I/I_SLAVE_ATTACHMENT/rst                                                  |                4 |             10 |         2.50 |
|  clk_wiz_dut/inst/clk_out1 | RF_state/addr_out_q[9]_i_1_n_0                                                      | rst_IBUF                                                                                                   |                3 |             10 |         3.33 |
|  clk_wiz_dut/inst/clk_out1 | RF_state/counter_q[17]_i_1_n_0                                                      | rst_IBUF                                                                                                   |               11 |             18 |         1.64 |
|  clk_wiz_dut/inst/clk_out1 | fifo_0/U0/inst_fifo_gen/gconvfifo.rf/grf.rf/gntv_or_sync_fifo.gl0.rd/grss.rsts/E[0] | rst_IBUF                                                                                                   |                5 |             20 |         4.00 |
|  clk_wiz_dut/inst/clk_out1 | fifo_0/U0/inst_fifo_gen/gconvfifo.rf/grf.rf/gntv_or_sync_fifo.gl0.wr/gwss.wsts/E[0] | rst_IBUF                                                                                                   |                6 |             20 |         3.33 |
|  clk_wiz_dut/inst/clk_out1 | uart_dut_0/uart/U0/UARTLITE_CORE_I/BAUD_RATE_I/en_16x_Baud                          | rst_IBUF                                                                                                   |                6 |             28 |         4.67 |
| ~clk_wiz_dut/inst/clk_out1 |                                                                                     | rst_IBUF                                                                                                   |               11 |             31 |         2.82 |
|  clk_wiz_dut/inst/clk_out1 |                                                                                     | rst_IBUF                                                                                                   |               21 |             56 |         2.67 |
+----------------------------+-------------------------------------------------------------------------------------+------------------------------------------------------------------------------------------------------------+------------------+----------------+--------------+


