#-----------------------------------------------------------
# Vivado v2023.2 (64-bit)
# SW Build 4029153 on Fri Oct 13 20:14:34 MDT 2023
# IP Build 4028589 on Sat Oct 14 00:45:43 MDT 2023
# SharedData Build 4025554 on Tue Oct 10 17:18:54 MDT 2023
# Start of session at: Fri Dec 15 21:46:31 2023
# Process ID: 31708
# Current directory: D:/CMPE_Capstone/CODE/hdl/pkt_display/pkt_display.runs/design_1_pkt_display_wrapper_0_3_synth_1
# Command line: vivado.exe -log design_1_pkt_display_wrapper_0_3.vds -product Vivado -mode batch -messageDb vivado.pb -notrace -source design_1_pkt_display_wrapper_0_3.tcl
# Log file: D:/CMPE_Capstone/CODE/hdl/pkt_display/pkt_display.runs/design_1_pkt_display_wrapper_0_3_synth_1/design_1_pkt_display_wrapper_0_3.vds
# Journal file: D:/CMPE_Capstone/CODE/hdl/pkt_display/pkt_display.runs/design_1_pkt_display_wrapper_0_3_synth_1\vivado.jou
# Running On: DESKTOP-M1PCUD5, OS: Windows, CPU Frequency: 2592 MHz, CPU Physical cores: 6, Host memory: 16868 MB
#-----------------------------------------------------------
source design_1_pkt_display_wrapper_0_3.tcl -notrace
