Copyright 1986-2022 Xilinx, Inc. All Rights Reserved. Copyright 2022-2023 Advanced Micro Devices, Inc. All Rights Reserved.
---------------------------------------------------------------------------------------------------------------------------------------------
| Tool Version : Vivado v.2023.2 (win64) Build 4029153 Fri Oct 13 20:14:34 MDT 2023
| Date         : Fri Dec 15 22:03:35 2023
| Host         : DESKTOP-M1PCUD5 running 64-bit major release  (build 9200)
| Command      : report_control_sets -verbose -file design_1_wrapper_control_sets_placed.rpt
| Design       : design_1_wrapper
| Device       : xc7a100t
---------------------------------------------------------------------------------------------------------------------------------------------

Control Set Information

Table of Contents
-----------------
1. Summary
2. Histogram
3. Flip-Flop Distribution
4. Detailed Control Set Information

1. Summary
----------

+----------------------------------------------------------+-------+
|                          Status                          | Count |
+----------------------------------------------------------+-------+
| Total control sets                                       |    16 |
|    Minimum number of control sets                        |    16 |
|    Addition due to synthesis replication                 |     0 |
|    Addition due to physical synthesis replication        |     0 |
| Unused register locations in slices containing registers |    41 |
+----------------------------------------------------------+-------+
* Control sets can be merged at opt_design using control_set_merge or merge_equivalent_drivers
** Run report_qor_suggestions for automated merging and remapping suggestions


2. Histogram
------------

+--------------------+-------+
|       Fanout       | Count |
+--------------------+-------+
| Total control sets |    16 |
| >= 0 to < 4        |     2 |
| >= 4 to < 6        |     2 |
| >= 6 to < 8        |     0 |
| >= 8 to < 10       |     4 |
| >= 10 to < 12      |     1 |
| >= 12 to < 14      |     2 |
| >= 14 to < 16      |     0 |
| >= 16              |     5 |
+--------------------+-------+
* Control sets can be remapped at either synth_design or opt_design


3. Flip-Flop Distribution
-------------------------

+--------------+-----------------------+------------------------+-----------------+--------------+
| Clock Enable | Synchronous Set/Reset | Asynchronous Set/Reset | Total Registers | Total Slices |
+--------------+-----------------------+------------------------+-----------------+--------------+
| No           | No                    | No                     |               9 |            4 |
| No           | No                    | Yes                    |              56 |           22 |
| No           | Yes                   | No                     |               0 |            0 |
| Yes          | No                    | No                     |               0 |            0 |
| Yes          | No                    | Yes                    |             134 |           32 |
| Yes          | Yes                   | No                     |               0 |            0 |
+--------------+-----------------------+------------------------+-----------------+--------------+


4. Detailed Control Set Information
-----------------------------------

+---------------------------------------------------------------------------+------------------------------------------------------------------------------------------+----------------------------------------------------------------------------------------------------------------------------+------------------+----------------+--------------+
|                                Clock Signal                               |                                       Enable Signal                                      |                                                      Set/Reset Signal                                                      | Slice Load Count | Bel Load Count | Bels / Slice |
+---------------------------------------------------------------------------+------------------------------------------------------------------------------------------+----------------------------------------------------------------------------------------------------------------------------+------------------+----------------+--------------+
|  design_1_i/pkt_display_wrapper_0/inst/RF_top_0/clk_wiz_dut/inst/clk_out1 |                                                                                          | design_1_i/pkt_display_wrapper_0/inst/display/data_fifo/U0/inst_fifo_gen/gconvfifo.rf/gbi.bi/g7ser_birst.rstbt/wr_rst_reg2 |                1 |              1 |         1.00 |
| ~design_1_i/pkt_display_wrapper_0/inst/RF_top_0/clk_wiz_dut/inst/clk_out1 |                                                                                          |                                                                                                                            |                1 |              1 |         1.00 |
| ~design_1_i/pkt_display_wrapper_0/inst/RF_top_0/clk_wiz_dut/inst/clk_out1 | design_1_i/pkt_display_wrapper_0/inst/RF_top_0/RF_0/addr_index_q[3]_i_1_n_0              | BTNC_IBUF                                                                                                                  |                1 |              4 |         4.00 |
| ~design_1_i/pkt_display_wrapper_0/inst/RF_top_0/clk_wiz_dut/inst/clk_out1 | design_1_i/pkt_display_wrapper_0/inst/RF_top_0/RF_0/data_index_d                         | BTNC_IBUF                                                                                                                  |                1 |              4 |         4.00 |
|  design_1_i/pkt_display_wrapper_0/inst/RF_top_0/clk_wiz_dut/inst/clk_out1 | design_1_i/pkt_display_wrapper_0/inst/RF_top_0/RF_state/FSM_onehot_curr_state[7]_i_1_n_0 | BTNC_IBUF                                                                                                                  |                2 |              8 |         4.00 |
|  design_1_i/pkt_display_wrapper_0/inst/RF_top_0/clk_wiz_dut/inst/clk_out1 | design_1_i/pkt_display_wrapper_0/inst/RF_top_0/RF_state/data_out_d                       | BTNC_IBUF                                                                                                                  |                1 |              8 |         8.00 |
|  design_1_i/pkt_display_wrapper_0/inst/RF_top_0/clk_wiz_dut/inst/clk_out1 | design_1_i/pkt_display_wrapper_0/inst/RF_top_0/RF_state/E[0]                             | BTNC_IBUF                                                                                                                  |                2 |              8 |         4.00 |
|  design_1_i/pkt_display_wrapper_0/inst/RF_top_0/clk_wiz_dut/inst/clk_out1 |                                                                                          |                                                                                                                            |                3 |              9 |         3.00 |
|  design_1_i/pkt_display_wrapper_0/inst/RF_top_0/clk_wiz_dut/inst/clk_out1 | design_1_i/pkt_display_wrapper_0/inst/RF_top_0/RF_state/addr_out_d                       | BTNC_IBUF                                                                                                                  |                4 |             10 |         2.50 |
|  design_1_i/pkt_display_wrapper_0/inst/RF_top_0/clk_wiz_dut/inst/clk_out1 | design_1_i/pkt_display_wrapper_0/inst/RF_top_0/RF_state/front_buff_d                     | BTNC_IBUF                                                                                                                  |                4 |             12 |         3.00 |
| ~design_1_i/pkt_display_wrapper_0/inst/RF_top_0/clk_wiz_dut/inst/clk_out1 |                                                                                          | BTNC_IBUF                                                                                                                  |                8 |             12 |         1.50 |
|  design_1_i/pkt_display_wrapper_0/inst/RF_top_0/clk_wiz_dut/inst/clk_out1 | design_1_i/pkt_display_wrapper_0/inst/RF_top_0/RF_state/counter_q[15]_i_1_n_0            | BTNC_IBUF                                                                                                                  |                4 |             16 |         4.00 |
|  CLK100MHZ_IBUF                                                           |                                                                                          | BTNC_IBUF                                                                                                                  |                6 |             21 |         3.50 |
|  design_1_i/pkt_display_wrapper_0/inst/RF_top_0/clk_wiz_dut/inst/clk_out1 |                                                                                          | BTNC_IBUF                                                                                                                  |                7 |             22 |         3.14 |
| ~design_1_i/pkt_display_wrapper_0/inst/RF_top_0/clk_wiz_dut/inst/clk_out1 | design_1_i/pkt_display_wrapper_0/inst/RF_top_0/RF_0/E[0]                                 | BTNC_IBUF                                                                                                                  |                6 |             32 |         5.33 |
| ~design_1_i/pkt_display_wrapper_0/inst/RF_top_0/clk_wiz_dut/inst/clk_out1 | design_1_i/pkt_display_wrapper_0/inst/serdes/data_reg_q[31]_i_1_n_0                      | BTNC_IBUF                                                                                                                  |                7 |             32 |         4.57 |
+---------------------------------------------------------------------------+------------------------------------------------------------------------------------------+----------------------------------------------------------------------------------------------------------------------------+------------------+----------------+--------------+


